Parseando...
  0
Post: 414,453 | Quote: 539,658
Discusiones gun: 905
Posts gun: 35,966
Autores con actividad: 483

  Author Stance      in     out    ratio  type
-------------------------------------------------------
     204     T0     148       0    296.0  SOSTENEDORpuro
     435     T0      66       0    132.0  SOSTENEDORpuro
    2204     T0      37       0     74.0  SOSTENEDORpuro
     595     T1      24       0     48.0  SOSTENEDORpuro
      40     T1      13       0     26.0  SOSTENEDORpuro
    2861     --      11       0     22.0  SOSTENEDORpuro
     294     T0      24       1     16.0  SOSTENEDORpuro
     109     T1      18       1     12.0  SOSTENEDORpuro
     480     T0      14       1      9.3  SOSTENEDOR
     423     T0      22       2      8.8  SOSTENEDOR
     449     T1      12       1      8.0  SOSTENEDOR
     384     --      21       3      6.0  SOSTENEDOR
     436     T0   1,465     253      5.8  SOSTENEDOR
    2214     T1      40       7      5.3  SOSTENEDOR
    2210     T0      13       2      5.2  SOSTENEDOR
    1598     --     123      24      5.0  SOSTENEDOR
     211     T1      12       2      4.8  SOSTENEDOR
     275     T0      35       7      4.7  SOSTENEDOR
    3229     --      56      14      3.9  SOSTENEDOR
     127     T0     398     105      3.8  SOSTENEDOR
     132     T0     534     142      3.7  SOSTENEDOR
    1541     T1      16       4      3.6  SOSTENEDOR
    3049     --     154      48      3.2  SOSTENEDOR
      70     T0     106      33      3.2  SOSTENEDOR
    2203     T0      14       4      3.1  SOSTENEDOR
     360     T0      14       4      3.1  SOSTENEDOR
    3280     --      41      13      3.0  SOSTENEDOR
      60     T0     139      48      2.9  
    1212     --      93      32      2.9  
    1218     T0      63      22      2.8  

Network stats:
  in_deg  max=4,747 mean=97.1
  out_deg max=5,341 mean=112.8
